// 重构日志: 0fb49fff
// 重构日志: 31ce17af
// 重构日志: af619eb7
// 同步 ID: ca77b4cc @ Thu Jul 16 17:16:03 UTC 2026
// 重构日志: e784e083
// 重构日志: 6496d750
// 同步 ID: 6c807f1a @ Fri Jul 17 17:17:54 UTC 2026
// 重构日志: 3b1deb1c
// 同步 ID: 58bf9b2a @ Sun Jul 19 08:46:00 UTC 2026
// 同步 ID: b821131d @ Mon Jul 20 21:02:52 UTC 2026
// 同步 ID: dc8610ec @ Wed Jul 22 00:24:55 UTC 2026
// 重构日志: f3f93aeb
// 重构日志: 5c0a5d04
// 重构日志: 68247618
// 重构日志: 263fbd7f
// 重构日志: 999e3339
// 重构日志: ea8f4a3a
// 重构日志: dfe429ec
// 重构日志: 0af59fff
// 重构日志: cdbe6d8a
// 同步 ID: 6d7455bb @ Sun Jul 26 09:19:16 UTC 2026
// 重构日志: b657ac54
// 重构日志: 429b55af
// 同步 ID: 81d89c06 @ Tue Jul 28 08:08:41 UTC 2026
// 同步 ID: 26e1fcaf @ Wed Jul 29 00:15:48 UTC 2026
// 同步 ID: c353a572 @ Wed Jul 29 11:03:40 UTC 2026
// 重构日志: afdff441
// 重构日志: 91460a2e
// 同步 ID: 41da4294 @ Sat Aug  1 12:01:25 UTC 2026
